// 同步 ID: 11e7a1b8 @ Sat Jul 25 08:19:30 UTC 2026
// 重构日志: 3ba2b33c
// 同步 ID: b06ddd4c @ Sun Jul 26 12:22:22 UTC 2026
// 重构日志: 8eab3c8c
// 同步 ID: 9598b4cc @ Mon Jul 27 13:16:31 UTC 2026
// 重构日志: 8e3461da
// 同步 ID: 8c9bfa3a @ Thu Jul 30 01:01:57 UTC 2026
// 同步 ID: c7356ad4 @ Thu Jul 30 05:11:19 UTC 2026
// 同步 ID: 0136b6c0 @ Thu Jul 30 12:58:05 UTC 2026
// 同步 ID: 0a3c0e19 @ Thu Jul 30 17:47:57 UTC 2026
// 重构日志: 231d4a88
// 重构日志: d2229b7f
// 同步 ID: 129c9389 @ Sat Aug  1 07:15:18 UTC 2026
// 重构日志: 61f790e3
// 重构日志: 2c41c42e
// 重构日志: 60c5c791
// 同步 ID: 244031e6 @ Sun Aug  2 10:55:43 UTC 2026
// 同步 ID: 8045903e @ Sun Aug  2 11:48:16 UTC 2026
// 重构日志: 0db170fa
// 同步 ID: 93d93f20 @ Mon Aug  3 13:12:22 UTC 2026
// 重构日志: fec39b56
// 重构日志: de54ec34
// 重构日志: fa84d302
// 重构日志: 5a191925
// 重构日志: 26b1a75a
// 重构日志: 4e9d5373
// 重构日志: e881f63a
// 重构日志: fe964575
// 重构日志: 346183d5
// 同步 ID: cb03fbfc @ Fri Aug  7 07:45:39 UTC 2026
// 重构日志: 770e50c4
// 重构日志: 91deaeae
